<?xml version="1.0" encoding="utf-8"?><testsuites name="pytest tests"><testsuite name="pytest" errors="0" failures="0" skipped="0" tests="32" time="2.398" timestamp="2026-03-16T18:34:38.761672+05:30" hostname="INLPF5TR12V"><properties><property name="hypothesis-statistics-tests/test_properties.py::test_no_hardcoded_secrets" value="dGVzdHMvdGVzdF9wcm9wZXJ0aWVzLnB5Ojp0ZXN0X25vX2hhcmRjb2RlZF9zZWNyZXRzOgoKICAtIGR1cmluZyBnZW5lcmF0ZSBwaGFzZSAoMC41NyBzZWNvbmRzKToKICAgIC0gVHlwaWNhbCBydW50aW1lczogfiA0LTUgbXMsIG9mIHdoaWNoIDwgMW1zIGluIGRhdGEgZ2VuZXJhdGlvbgogICAgLSAxMDAgcGFzc2luZyBleGFtcGxlcywgMCBmYWlsaW5nIGV4YW1wbGVzLCAwIGludmFsaWQgZXhhbXBsZXMKCiAgLSBTdG9wcGVkIGJlY2F1c2Ugc2V0dGluZ3MubWF4X2V4YW1wbGVzPTEwMA==" /><property name="hypothesis-statistics-tests/test_properties.py::test_required_variable_guard_checks" value="dGVzdHMvdGVzdF9wcm9wZXJ0aWVzLnB5Ojp0ZXN0X3JlcXVpcmVkX3ZhcmlhYmxlX2d1YXJkX2NoZWNrczoKCiAgLSBkdXJpbmcgZ2VuZXJhdGUgcGhhc2UgKDAuMDEgc2Vjb25kcyk6CiAgICAtIFR5cGljYWwgcnVudGltZXM6IH4gNC02IG1zLCBvZiB3aGljaCA8IDFtcyBpbiBkYXRhIGdlbmVyYXRpb24KICAgIC0gMiBwYXNzaW5nIGV4YW1wbGVzLCAwIGZhaWxpbmcgZXhhbXBsZXMsIDAgaW52YWxpZCBleGFtcGxlcwoKICAtIFN0b3BwZWQgYmVjYXVzZSBub3RoaW5nIGxlZnQgdG8gZG8=" /><property name="hypothesis-statistics-tests/test_properties.py::test_junit_xml_wellformed" value="dGVzdHMvdGVzdF9wcm9wZXJ0aWVzLnB5Ojp0ZXN0X2p1bml0X3htbF93ZWxsZm9ybWVkOgoKICAtIGR1cmluZyBnZW5lcmF0ZSBwaGFzZSAoMC4yOCBzZWNvbmRzKToKICAgIC0gVHlwaWNhbCBydW50aW1lczogfiAwLTMgbXMsIG9mIHdoaWNoIH4gMC0yIG1zIGluIGRhdGEgZ2VuZXJhdGlvbgogICAgLSAxMDAgcGFzc2luZyBleGFtcGxlcywgMCBmYWlsaW5nIGV4YW1wbGVzLCAxNSBpbnZhbGlkIGV4YW1wbGVzCgogIC0gU3RvcHBlZCBiZWNhdXNlIHNldHRpbmdzLm1heF9leGFtcGxlcz0xMDA=" /></properties><testcase classname="tests.test_app" name="test_health_returns_200" time="0.009" /><testcase classname="tests.test_compose" name="test_staging_compose_exists" time="0.001" /><testcase classname="tests.test_compose" name="test_production_compose_exists" time="0.001" /><testcase classname="tests.test_compose" name="test_staging_image_uses_local_registry" time="0.002" /><testcase classname="tests.test_compose" name="test_production_image_uses_local_registry" time="0.002" /><testcase classname="tests.test_compose" name="test_staging_port_mapping" time="0.002" /><testcase classname="tests.test_compose" name="test_production_port_mapping" time="0.002" /><testcase classname="tests.test_dockerfile" name="test_multistage_build" time="0.001" /><testcase classname="tests.test_dockerfile" name="test_non_root_user" time="0.001" /><testcase classname="tests.test_pipeline" name="test_stage_order" time="0.000" /><testcase classname="tests.test_pipeline" name="test_build_job_script_contains_docker_build" time="0.001" /><testcase classname="tests.test_pipeline" name="test_build_job_pushes_sha_tag" time="0.001" /><testcase classname="tests.test_pipeline" name="test_build_job_pushes_branch_tag" time="0.000" /><testcase classname="tests.test_pipeline" name="test_build_job_pushes_to_local_registry" time="0.001" /><testcase classname="tests.test_pipeline" name="test_build_job_dotenv_artifact" time="0.000" /><testcase classname="tests.test_pipeline" name="test_build_job_dotenv_contains_image_tag" time="0.000" /><testcase classname="tests.test_pipeline" name="test_build_job_dotenv_contains_full_image_ref" time="0.001" /><testcase classname="tests.test_pipeline" name="test_test_job_uses_full_image_ref" time="0.000" /><testcase classname="tests.test_pipeline" name="test_test_job_artifact_expire_in" time="0.000" /><testcase classname="tests.test_pipeline" name="test_test_job_artifact_when_always" time="0.000" /><testcase classname="tests.test_pipeline" name="test_deploy_staging_rules_restrict_to_main" time="0.001" /><testcase classname="tests.test_pipeline" name="test_deploy_staging_environment_name" time="0.000" /><testcase classname="tests.test_pipeline" name="test_deploy_staging_script_contains_compose" time="0.001" /><testcase classname="tests.test_pipeline" name="test_deploy_staging_log_output" time="0.001" /><testcase classname="tests.test_pipeline" name="test_deploy_production_when_manual" time="0.000" /><testcase classname="tests.test_pipeline" name="test_deploy_production_environment_name" time="0.000" /><testcase classname="tests.test_pipeline" name="test_deploy_production_script_contains_compose" time="0.001" /><testcase classname="tests.test_pipeline" name="test_deploy_production_log_output" time="0.001" /><testcase classname="tests.test_pipeline" name="test_cache_key_includes_requirements" time="0.000" /><testcase classname="tests.test_properties" name="test_no_hardcoded_secrets" time="0.587" /><testcase classname="tests.test_properties" name="test_required_variable_guard_checks" time="0.014" /><testcase classname="tests.test_properties" name="test_junit_xml_wellformed" time="0.300" /></testsuite></testsuites>